Change Component Footprint: Designator=J10 Old Footprint=SMP-PF-P-XX-ST-TH2 New Footprint=MOLEX_85305-0232
Change Component Comment : Designator=J10 Old Comment=SMP-PX-P-XX-ST-TH2 New Comment=Molex 85305-0232
Change component parameters: Designator = "J10" ("J10"); Footprint = "SMP-PF-P-XX-ST-TH2"; UniqueID = "\OOZGVJEX" ("\OOZGVJEX")
Change component parameters (AddParameter): Name = "Availability"; Value = "In Stock"; VariantName = "[No Variations]"
Change component parameters (AddParameter): Name = "Check_prices"; Value = "https://www.snapeda.com/parts/853050232/Molex/view-part/?ref=eda"; VariantName = "[No Variations]"
Change component parameters (AddParameter): Name = "MF"; Value = "Molex"; VariantName = "[No Variations]"
Change component parameters (AddParameter): Name = "MP"; Value = "853050232"; VariantName = "[No Variations]"
Change component parameters (AddParameter): Name = "Package"; Value = "None"; VariantName = "[No Variations]"
Change component parameters (AddParameter): Name = "Price"; Value = "None"; VariantName = "[No Variations]"
Change component parameters (AddParameter): Name = "Purchase-URL"; Value = "https://pricing.snapeda.com/search/part/853050232/?ref=eda"; VariantName = "[No Variations]"
Change component parameters (AddParameter): Name = "SnapEDA_Link"; Value = "https://www.snapeda.com/parts/853050232/Molex/view-part/?ref=snap"; VariantName = "[No Variations]"
Change component parameters (AddParameter): Name = "Supplier 1"; Value = "Digi-Key"; VariantName = "[No Variations]"
Change component parameters (AddParameter): Name = "Supplier Part Number 1"; Value = "WM3891CT-ND"; VariantName = "[No Variations]"
Change component parameters (AddParameter): Name = "Value"; Value = ""; VariantName = "[No Variations]"
Added Pin To Net: NetName=GND Pin=J10-gnd
Added Pin To Net: NetName=GND Pin=J10-gnd
Added Pin To Net: NetName=GND Pin=J10-gnd
Added Pin To Net: NetName=GND Pin=J10-gnd
Added Pin To Net: NetName=GND Pin=J10-gnd
Added Pin To Net: NetName=GND Pin=J10-gnd
Added Pin To Net: NetName=GND Pin=J10-gnd
Added Pin To Net: NetName=GND Pin=J10-gnd
Added Pin To Net: NetName=GND Pin=J10-gnd
Added Pin To Net: NetName=NetJ10_1 Pin=J10-1
Added Pin To Net: NetName=NetJ10_1 Pin=U4-11
Added Net: Name=NetJ10_1
