Removed Pin From Net: NetName=NetJ3_1 Pin=R3-1
Removed Pin From Net: NetName=GND Pin=R3-2
Removed Pin From Net: NetName=NetJ4_1 Pin=R5-1
Removed Pin From Net: NetName=GND Pin=R5-2
Removed Pin From Net: NetName=NetJ5_1 Pin=R6-1
Removed Pin From Net: NetName=GND Pin=R6-2
Removed Pin From Net: NetName=NetJ7_1 Pin=R10-1
Removed Pin From Net: NetName=GND Pin=R10-2
Change Component Footprint: Designator=R1 Old Footprint=FP-ERJ1GN-IPC_C New Footprint=0201-resistor
Change Component Footprint: Designator=R2 Old Footprint=FP-ERJ1GN-IPC_C New Footprint=0201-resistor
Change Component Footprint: Designator=R3 Old Footprint=FP-ERJ1GN-IPC_C New Footprint=0201-resistor
Change Component Footprint: Designator=R4 Old Footprint=FP-ERJ1GN-IPC_C New Footprint=0201-resistor
Change Component Footprint: Designator=R5 Old Footprint=FP-ERJ1GN-IPC_C New Footprint=0201-resistor
Change Component Footprint: Designator=R6 Old Footprint=FP-ERJ1GN-IPC_C New Footprint=0201-resistor
Change Component Footprint: Designator=R7 Old Footprint=FP-ERJ1GN-IPC_C New Footprint=0201-resistor
Change Component Footprint: Designator=R8 Old Footprint=FP-ERJ1GN-IPC_C New Footprint=0201-resistor
Change Component Footprint: Designator=R9 Old Footprint=FP-ERJ1GN-IPC_C New Footprint=0201-resistor
Change Component Footprint: Designator=R10 Old Footprint=FP-ERJ1GN-IPC_C New Footprint=0201-resistor
Change Component Footprint: Designator=R11 Old Footprint=FP-ERJ1GN-IPC_C New Footprint=0201-resistor
Change Component Footprint: Designator=R12 Old Footprint=FP-ERJ1GN-IPC_C New Footprint=0201-resistor
Change Component Comment : Designator=R1 Old Comment=ERJ-1GNF1001C New Comment=TE connectivity CPF0201B56K2E1
Change Component Comment : Designator=R2 Old Comment=ERJ-1GNF1001C New Comment=TE connectivity CPF0201B56K2E1
Change Component Comment : Designator=R3 Old Comment=ERJ-1GNF1001C New Comment=TE connectivity CPF0201B56K2E1
Change Component Comment : Designator=R4 Old Comment=ERJ-1GNF1001C New Comment=TE connectivity CPF0201B56K2E1
Change Component Comment : Designator=R5 Old Comment=ERJ-1GNF1001C New Comment=TE connectivity CPF0201B56K2E1
Change Component Comment : Designator=R6 Old Comment=ERJ-1GNF1001C New Comment=TE connectivity CPF0201B56K2E1
Change Component Comment : Designator=R7 Old Comment=ERJ-1GNF1001C New Comment=TE connectivity CPF0201B56K2E1
Change Component Comment : Designator=R8 Old Comment=ERJ-1GNF1001C New Comment=TE connectivity CPF0201B56K2E1
Change Component Comment : Designator=R9 Old Comment=ERJ-1GNF1001C New Comment=TE connectivity CPF0201B56K2E1
Change Component Comment : Designator=R10 Old Comment=ERJ-1GNF1001C New Comment=TE connectivity CPF0201B56K2E1
Change Component Comment : Designator=R11 Old Comment=ERJ-1GNF1001C New Comment=TE connectivity CPF0201B56K2E1
Change Component Comment : Designator=R12 Old Comment=ERJ-1GNF1001C New Comment=TE connectivity CPF0201B56K2E1
Change Managed Component Library Link : Designator=R1 Old VaultGUID=B7D15EC3-160A-466F-A46C-7801FE6295A7 New VaultGUID= Old ItemGUID=08DF83AB-02B6-49F6-B3F5-852D94670E6A New ItemGUID= Old RevisionGUID=B70AAC1D-6048-4DB3-AB45-C3689BB2E6DF New RevisionGUID=
Change Managed Component Library Link : Designator=R2 Old VaultGUID=B7D15EC3-160A-466F-A46C-7801FE6295A7 New VaultGUID= Old ItemGUID=08DF83AB-02B6-49F6-B3F5-852D94670E6A New ItemGUID= Old RevisionGUID=B70AAC1D-6048-4DB3-AB45-C3689BB2E6DF New RevisionGUID=
Change Managed Component Library Link : Designator=R3 Old VaultGUID=B7D15EC3-160A-466F-A46C-7801FE6295A7 New VaultGUID= Old ItemGUID=08DF83AB-02B6-49F6-B3F5-852D94670E6A New ItemGUID= Old RevisionGUID=B70AAC1D-6048-4DB3-AB45-C3689BB2E6DF New RevisionGUID=
Change Managed Component Library Link : Designator=R4 Old VaultGUID=B7D15EC3-160A-466F-A46C-7801FE6295A7 New VaultGUID= Old ItemGUID=08DF83AB-02B6-49F6-B3F5-852D94670E6A New ItemGUID= Old RevisionGUID=B70AAC1D-6048-4DB3-AB45-C3689BB2E6DF New RevisionGUID=
Change Managed Component Library Link : Designator=R5 Old VaultGUID=B7D15EC3-160A-466F-A46C-7801FE6295A7 New VaultGUID= Old ItemGUID=08DF83AB-02B6-49F6-B3F5-852D94670E6A New ItemGUID= Old RevisionGUID=B70AAC1D-6048-4DB3-AB45-C3689BB2E6DF New RevisionGUID=
Change Managed Component Library Link : Designator=R6 Old VaultGUID=B7D15EC3-160A-466F-A46C-7801FE6295A7 New VaultGUID= Old ItemGUID=08DF83AB-02B6-49F6-B3F5-852D94670E6A New ItemGUID= Old RevisionGUID=B70AAC1D-6048-4DB3-AB45-C3689BB2E6DF New RevisionGUID=
Change Managed Component Library Link : Designator=R7 Old VaultGUID=B7D15EC3-160A-466F-A46C-7801FE6295A7 New VaultGUID= Old ItemGUID=08DF83AB-02B6-49F6-B3F5-852D94670E6A New ItemGUID= Old RevisionGUID=B70AAC1D-6048-4DB3-AB45-C3689BB2E6DF New RevisionGUID=
Change Managed Component Library Link : Designator=R8 Old VaultGUID=B7D15EC3-160A-466F-A46C-7801FE6295A7 New VaultGUID= Old ItemGUID=08DF83AB-02B6-49F6-B3F5-852D94670E6A New ItemGUID= Old RevisionGUID=B70AAC1D-6048-4DB3-AB45-C3689BB2E6DF New RevisionGUID=
Change Managed Component Library Link : Designator=R10 Old VaultGUID=B7D15EC3-160A-466F-A46C-7801FE6295A7 New VaultGUID= Old ItemGUID=08DF83AB-02B6-49F6-B3F5-852D94670E6A New ItemGUID= Old RevisionGUID=B70AAC1D-6048-4DB3-AB45-C3689BB2E6DF New RevisionGUID=
Change Managed Component Library Link : Designator=R11 Old VaultGUID=B7D15EC3-160A-466F-A46C-7801FE6295A7 New VaultGUID= Old ItemGUID=08DF83AB-02B6-49F6-B3F5-852D94670E6A New ItemGUID= Old RevisionGUID=B70AAC1D-6048-4DB3-AB45-C3689BB2E6DF New RevisionGUID=
Change Managed Component Library Link : Designator=R12 Old VaultGUID=B7D15EC3-160A-466F-A46C-7801FE6295A7 New VaultGUID= Old ItemGUID=08DF83AB-02B6-49F6-B3F5-852D94670E6A New ItemGUID= Old RevisionGUID=B70AAC1D-6048-4DB3-AB45-C3689BB2E6DF New RevisionGUID=
Change component parameters: Designator = "R1" ("R1"); Footprint = "FP-ERJ1GN-IPC_C"; UniqueID = "\PCOVITFI" ("\PCOVITFI")
Change component parameters (AddParameter): Name = "Availability"; Value = "Unavailable"; VariantName = "[No Variations]"
Change component parameters (AddParameter): Name = "MF"; Value = ""; VariantName = "[No Variations]"
Change component parameters (AddParameter): Name = "Mfgr"; Value = "TE connectivity"; VariantName = "[No Variations]"
Change component parameters (AddParameter): Name = "Mfgr Part No."; Value = "CPF0201B56K2E1"; VariantName = "[No Variations]"
Change component parameters (AddParameter): Name = "MP"; Value = "ERJ1GN0R00C"; VariantName = "[No Variations]"
Change component parameters (AddParameter): Name = "Package"; Value = "None"; VariantName = "[No Variations]"
Change component parameters (AddParameter): Name = "Price"; Value = "None"; VariantName = "[No Variations]"
Change component parameters (AddParameter): Name = "Value"; Value = "56k"; VariantName = "[No Variations]"
Change component parameters: Designator = "R2" ("R2"); Footprint = "FP-ERJ1GN-IPC_C"; UniqueID = "\LAYCHPZF" ("\LAYCHPZF")
Change component parameters (AddParameter): Name = "Availability"; Value = "Unavailable"; VariantName = "[No Variations]"
Change component parameters (AddParameter): Name = "MF"; Value = ""; VariantName = "[No Variations]"
Change component parameters (AddParameter): Name = "Mfgr"; Value = "TE connectivity"; VariantName = "[No Variations]"
Change component parameters (AddParameter): Name = "Mfgr Part No."; Value = "CPF0201B56K2E1"; VariantName = "[No Variations]"
Change component parameters (AddParameter): Name = "MP"; Value = "ERJ1GN0R00C"; VariantName = "[No Variations]"
Change component parameters (AddParameter): Name = "Package"; Value = "None"; VariantName = "[No Variations]"
Change component parameters (AddParameter): Name = "Price"; Value = "None"; VariantName = "[No Variations]"
Change component parameters (AddParameter): Name = "Value"; Value = "56k"; VariantName = "[No Variations]"
Change component parameters: Designator = "R3" ("R3"); Footprint = "FP-ERJ1GN-IPC_C"; UniqueID = "\HWEUHSQU" ("\HWEUHSQU")
Change component parameters (AddParameter): Name = "Availability"; Value = "Unavailable"; VariantName = "[No Variations]"
Change component parameters (AddParameter): Name = "MF"; Value = ""; VariantName = "[No Variations]"
Change component parameters (AddParameter): Name = "Mfgr"; Value = "TE connectivity"; VariantName = "[No Variations]"
Change component parameters (AddParameter): Name = "Mfgr Part No."; Value = "CPF0201B56K2E1"; VariantName = "[No Variations]"
Change component parameters (AddParameter): Name = "MP"; Value = "ERJ1GN0R00C"; VariantName = "[No Variations]"
Change component parameters (AddParameter): Name = "Package"; Value = "None"; VariantName = "[No Variations]"
Change component parameters (AddParameter): Name = "Price"; Value = "None"; VariantName = "[No Variations]"
Change component parameters (AddParameter): Name = "Value"; Value = "56k"; VariantName = "[No Variations]"
Change component parameters: Designator = "R4" ("R4"); Footprint = "FP-ERJ1GN-IPC_C"; UniqueID = "\KDLZNWVO" ("\KDLZNWVO")
Change component parameters (AddParameter): Name = "Availability"; Value = "Unavailable"; VariantName = "[No Variations]"
Change component parameters (AddParameter): Name = "MF"; Value = ""; VariantName = "[No Variations]"
Change component parameters (AddParameter): Name = "Mfgr"; Value = "TE connectivity"; VariantName = "[No Variations]"
Change component parameters (AddParameter): Name = "Mfgr Part No."; Value = "CPF0201B56K2E1"; VariantName = "[No Variations]"
Change component parameters (AddParameter): Name = "MP"; Value = "ERJ1GN0R00C"; VariantName = "[No Variations]"
Change component parameters (AddParameter): Name = "Package"; Value = "None"; VariantName = "[No Variations]"
Change component parameters (AddParameter): Name = "Price"; Value = "None"; VariantName = "[No Variations]"
Change component parameters (AddParameter): Name = "Value"; Value = "56k"; VariantName = "[No Variations]"
Change component parameters: Designator = "R5" ("R5"); Footprint = "FP-ERJ1GN-IPC_C"; UniqueID = "\TEXGSTAN" ("\TEXGSTAN")
Change component parameters (AddParameter): Name = "Availability"; Value = "Unavailable"; VariantName = "[No Variations]"
Change component parameters (AddParameter): Name = "MF"; Value = ""; VariantName = "[No Variations]"
Change component parameters (AddParameter): Name = "Mfgr"; Value = "TE connectivity"; VariantName = "[No Variations]"
Change component parameters (AddParameter): Name = "Mfgr Part No."; Value = "CPF0201B56K2E1"; VariantName = "[No Variations]"
Change component parameters (AddParameter): Name = "MP"; Value = "ERJ1GN0R00C"; VariantName = "[No Variations]"
Change component parameters (AddParameter): Name = "Package"; Value = "None"; VariantName = "[No Variations]"
Change component parameters (AddParameter): Name = "Price"; Value = "None"; VariantName = "[No Variations]"
Change component parameters (AddParameter): Name = "Value"; Value = "56k"; VariantName = "[No Variations]"
Change component parameters: Designator = "R6" ("R6"); Footprint = "FP-ERJ1GN-IPC_C"; UniqueID = "\JVGIMFBG" ("\JVGIMFBG")
Change component parameters (AddParameter): Name = "Availability"; Value = "Unavailable"; VariantName = "[No Variations]"
Change component parameters (AddParameter): Name = "MF"; Value = ""; VariantName = "[No Variations]"
Change component parameters (AddParameter): Name = "Mfgr"; Value = "TE connectivity"; VariantName = "[No Variations]"
Change component parameters (AddParameter): Name = "Mfgr Part No."; Value = "CPF0201B56K2E1"; VariantName = "[No Variations]"
Change component parameters (AddParameter): Name = "MP"; Value = "ERJ1GN0R00C"; VariantName = "[No Variations]"
Change component parameters (AddParameter): Name = "Package"; Value = "None"; VariantName = "[No Variations]"
Change component parameters (AddParameter): Name = "Price"; Value = "None"; VariantName = "[No Variations]"
Change component parameters (AddParameter): Name = "Value"; Value = "56k"; VariantName = "[No Variations]"
Change component parameters: Designator = "R7" ("R7"); Footprint = "FP-ERJ1GN-IPC_C"; UniqueID = "\GGHLJPGX" ("\GGHLJPGX")
Change component parameters (AddParameter): Name = "Availability"; Value = "Unavailable"; VariantName = "[No Variations]"
Change component parameters (AddParameter): Name = "MF"; Value = ""; VariantName = "[No Variations]"
Change component parameters (AddParameter): Name = "Mfgr"; Value = "TE connectivity"; VariantName = "[No Variations]"
Change component parameters (AddParameter): Name = "Mfgr Part No."; Value = "CPF0201B56K2E1"; VariantName = "[No Variations]"
Change component parameters (AddParameter): Name = "MP"; Value = "ERJ1GN0R00C"; VariantName = "[No Variations]"
Change component parameters (AddParameter): Name = "Package"; Value = "None"; VariantName = "[No Variations]"
Change component parameters (AddParameter): Name = "Price"; Value = "None"; VariantName = "[No Variations]"
Change component parameters (AddParameter): Name = "Value"; Value = "56k"; VariantName = "[No Variations]"
Change component parameters: Designator = "R8" ("R8"); Footprint = "FP-ERJ1GN-IPC_C"; UniqueID = "\POEBPFZD" ("\POEBPFZD")
Change component parameters (AddParameter): Name = "Availability"; Value = "Unavailable"; VariantName = "[No Variations]"
Change component parameters (AddParameter): Name = "MF"; Value = ""; VariantName = "[No Variations]"
Change component parameters (AddParameter): Name = "Mfgr"; Value = "TE connectivity"; VariantName = "[No Variations]"
Change component parameters (AddParameter): Name = "Mfgr Part No."; Value = "CPF0201B56K2E1"; VariantName = "[No Variations]"
Change component parameters (AddParameter): Name = "MP"; Value = "ERJ1GN0R00C"; VariantName = "[No Variations]"
Change component parameters (AddParameter): Name = "Package"; Value = "None"; VariantName = "[No Variations]"
Change component parameters (AddParameter): Name = "Price"; Value = "None"; VariantName = "[No Variations]"
Change component parameters (AddParameter): Name = "Value"; Value = "56k"; VariantName = "[No Variations]"
Change component parameters: Designator = "R10" ("R10"); Footprint = "FP-ERJ1GN-IPC_C"; UniqueID = "\IIQXXUUN" ("\IIQXXUUN")
Change component parameters (AddParameter): Name = "Availability"; Value = "Unavailable"; VariantName = "[No Variations]"
Change component parameters (AddParameter): Name = "MF"; Value = ""; VariantName = "[No Variations]"
Change component parameters (AddParameter): Name = "Mfgr"; Value = "TE connectivity"; VariantName = "[No Variations]"
Change component parameters (AddParameter): Name = "Mfgr Part No."; Value = "CPF0201B56K2E1"; VariantName = "[No Variations]"
Change component parameters (AddParameter): Name = "MP"; Value = "ERJ1GN0R00C"; VariantName = "[No Variations]"
Change component parameters (AddParameter): Name = "Package"; Value = "None"; VariantName = "[No Variations]"
Change component parameters (AddParameter): Name = "Price"; Value = "None"; VariantName = "[No Variations]"
Change component parameters (AddParameter): Name = "Value"; Value = "56k"; VariantName = "[No Variations]"
Change component parameters: Designator = "R11" ("R11"); Footprint = "FP-ERJ1GN-IPC_C"; UniqueID = "\HELROAIJ" ("\HELROAIJ")
Change component parameters (AddParameter): Name = "Availability"; Value = "Unavailable"; VariantName = "[No Variations]"
Change component parameters (AddParameter): Name = "MF"; Value = ""; VariantName = "[No Variations]"
Change component parameters (AddParameter): Name = "Mfgr"; Value = "TE connectivity"; VariantName = "[No Variations]"
Change component parameters (AddParameter): Name = "Mfgr Part No."; Value = "CPF0201B56K2E1"; VariantName = "[No Variations]"
Change component parameters (AddParameter): Name = "MP"; Value = "ERJ1GN0R00C"; VariantName = "[No Variations]"
Change component parameters (AddParameter): Name = "Package"; Value = "None"; VariantName = "[No Variations]"
Change component parameters (AddParameter): Name = "Price"; Value = "None"; VariantName = "[No Variations]"
Change component parameters (AddParameter): Name = "Value"; Value = "56k"; VariantName = "[No Variations]"
Change component parameters: Designator = "R12" ("R12"); Footprint = "FP-ERJ1GN-IPC_C"; UniqueID = "\MUWFFQGT" ("\MUWFFQGT")
Change component parameters (AddParameter): Name = "Availability"; Value = "Unavailable"; VariantName = "[No Variations]"
Change component parameters (AddParameter): Name = "MF"; Value = ""; VariantName = "[No Variations]"
Change component parameters (AddParameter): Name = "Mfgr"; Value = "TE connectivity"; VariantName = "[No Variations]"
Change component parameters (AddParameter): Name = "Mfgr Part No."; Value = "CPF0201B56K2E1"; VariantName = "[No Variations]"
Change component parameters (AddParameter): Name = "MP"; Value = "ERJ1GN0R00C"; VariantName = "[No Variations]"
Change component parameters (AddParameter): Name = "Package"; Value = "None"; VariantName = "[No Variations]"
Change component parameters (AddParameter): Name = "Price"; Value = "None"; VariantName = "[No Variations]"
Change component parameters (AddParameter): Name = "Value"; Value = "56k"; VariantName = "[No Variations]"
Added Pin To Net: NetName=GND Pin=R3-1
Added Pin To Net: NetName=NetJ3_1 Pin=R3-2
Added Pin To Net: NetName=GND Pin=R5-1
Added Pin To Net: NetName=NetJ4_1 Pin=R5-2
Added Pin To Net: NetName=GND Pin=R6-1
Added Pin To Net: NetName=NetJ5_1 Pin=R6-2
Added Pin To Net: NetName=GND Pin=R10-1
Added Pin To Net: NetName=NetJ7_1 Pin=R10-2
