Removed Pin From Net: NetName=GND Pin=B1-1
Removed Pin From Net: NetName=GND Pin=B1-3
Removed Pin From Net: NetName=GND Pin=B1-5
Removed Pin From Net: NetName=GND Pin=B1-6
Removed Pin From Net: NetName=GND Pin=B1-8
Removed Pin From Net: NetName=GND Pin=B1-10
Removed Pin From Net: NetName=GND Pin=B1-12
Removed Pin From Net: NetName=GND Pin=B1-13
Removed Pin From Net: NetName=GND Pin=B1-15
Removed Pin From Net: NetName=GND Pin=B1-17
Removed Pin From Net: NetName=GND Pin=B1-18
Removed Pin From Net: NetName=GND Pin=B1-19
Removed Pin From Net: NetName=GND Pin=B1-20
Removed Pin From Net: NetName=GND Pin=B1-22
Removed Pin From Net: NetName=GND Pin=B1-23
Removed Pin From Net: NetName=GND Pin=B1-24
Removed Pin From Net: NetName=GND Pin=B1-25
Removed Pin From Net: NetName=GND Pin=B1-26
Removed Pin From Net: NetName=GND Pin=B1-27
Removed Pin From Net: NetName=GND Pin=B1-28
Removed Pin From Net: NetName=GND Pin=B2-1
Removed Pin From Net: NetName=GND Pin=B2-3
Removed Pin From Net: NetName=GND Pin=B2-5
Removed Pin From Net: NetName=GND Pin=B2-6
Removed Pin From Net: NetName=GND Pin=B2-8
Removed Pin From Net: NetName=GND Pin=B2-9
Removed Pin From Net: NetName=GND Pin=B2-10
Removed Pin From Net: NetName=GND Pin=B2-12
Removed Pin From Net: NetName=GND Pin=B2-13
Removed Pin From Net: NetName=GND Pin=B2-15
Removed Pin From Net: NetName=GND Pin=B2-17
Removed Pin From Net: NetName=GND Pin=B2-18
Removed Pin From Net: NetName=GND Pin=B2-19
Removed Pin From Net: NetName=GND Pin=B2-20
Removed Pin From Net: NetName=GND Pin=B2-22
Removed Pin From Net: NetName=GND Pin=B2-23
Removed Pin From Net: NetName=GND Pin=B2-24
Removed Pin From Net: NetName=GND Pin=B2-25
Removed Pin From Net: NetName=GND Pin=B2-26
Removed Pin From Net: NetName=GND Pin=B2-27
Removed Pin From Net: NetName=GND Pin=B2-28
Removed Pin From Net: NetName=GND Pin=B3-1
Removed Pin From Net: NetName=GND Pin=B3-3
Removed Pin From Net: NetName=GND Pin=B3-5
Removed Pin From Net: NetName=GND Pin=B3-6
Removed Pin From Net: NetName=GND Pin=B3-8
Removed Pin From Net: NetName=GND Pin=B3-10
Removed Pin From Net: NetName=GND Pin=B3-12
Removed Pin From Net: NetName=GND Pin=B3-13
Removed Pin From Net: NetName=GND Pin=B3-15
Removed Pin From Net: NetName=GND Pin=B3-17
Removed Pin From Net: NetName=GND Pin=B3-18
Removed Pin From Net: NetName=GND Pin=B3-19
Removed Pin From Net: NetName=GND Pin=B3-20
Removed Pin From Net: NetName=GND Pin=B3-22
Removed Pin From Net: NetName=GND Pin=B3-23
Removed Pin From Net: NetName=GND Pin=B3-24
Removed Pin From Net: NetName=GND Pin=B3-25
Removed Pin From Net: NetName=GND Pin=B3-26
Removed Pin From Net: NetName=GND Pin=B3-27
Removed Pin From Net: NetName=GND Pin=B3-28
Removed Pin From Net: NetName=GND Pin=B4-1
Removed Pin From Net: NetName=GND Pin=B4-3
Removed Pin From Net: NetName=GND Pin=B4-5
Removed Pin From Net: NetName=GND Pin=B4-6
Removed Pin From Net: NetName=GND Pin=B4-8
Removed Pin From Net: NetName=GND Pin=B4-10
Removed Pin From Net: NetName=GND Pin=B4-12
Removed Pin From Net: NetName=GND Pin=B4-13
Removed Pin From Net: NetName=GND Pin=B4-15
Removed Pin From Net: NetName=GND Pin=B4-17
Removed Pin From Net: NetName=GND Pin=B4-18
Removed Pin From Net: NetName=GND Pin=B4-19
Removed Pin From Net: NetName=GND Pin=B4-20
Removed Pin From Net: NetName=GND Pin=B4-22
Removed Pin From Net: NetName=GND Pin=B4-23
Removed Pin From Net: NetName=GND Pin=B4-24
Removed Pin From Net: NetName=GND Pin=B4-25
Removed Pin From Net: NetName=GND Pin=B4-26
Removed Pin From Net: NetName=GND Pin=B4-27
Removed Pin From Net: NetName=GND Pin=B4-28
Removed Pin From Net: NetName=GND Pin=J4-G1
Removed Pin From Net: NetName=GND Pin=J4-G2
Removed Pin From Net: NetName=GND Pin=J4-G3
Removed Pin From Net: NetName=GND Pin=J4-G4
Removed Pin From Net: NetName=GND Pin=J5-G1
Removed Pin From Net: NetName=GND Pin=J5-G2
Removed Pin From Net: NetName=GND Pin=J5-G3
Removed Pin From Net: NetName=GND Pin=J5-G4
Removed Pin From Net: NetName=GND Pin=J6-G1
Removed Pin From Net: NetName=GND Pin=J6-G2
Removed Pin From Net: NetName=GND Pin=J6-G3
Removed Pin From Net: NetName=GND Pin=J6-G4
Removed Pin From Net: NetName=GND Pin=J7-G1
Removed Pin From Net: NetName=GND Pin=J7-G2
Removed Pin From Net: NetName=GND Pin=J7-G3
Removed Pin From Net: NetName=GND Pin=J7-G4
Removed Pin From Net: NetName=GND Pin=J8-G1
Removed Pin From Net: NetName=GND Pin=J8-G2
Removed Pin From Net: NetName=GND Pin=J9-G1
Removed Pin From Net: NetName=GND Pin=J9-G2
Removed Pin From Net: NetName=GND Pin=J9-G3
Removed Pin From Net: NetName=GND Pin=J9-G4
Removed Pin From Net: NetName=GND Pin=J10-G1
Removed Pin From Net: NetName=GND Pin=J10-G2
Removed Pin From Net: NetName=GND Pin=J10-G3
Removed Pin From Net: NetName=GND Pin=J10-G4
Removed Member From Class: ClassName=rectangle11board Member=B1
Removed Member From Class: ClassName=rectangle11board Member=B3
Removed Member From Class: ClassName=rectangle11board Member=B4
Change Component Designator: OldDesignator=J1 NewDesignator=J6
Change Component Designator: OldDesignator=J2 NewDesignator=J5
Change Component Designator: OldDesignator=J3 NewDesignator=J4
Change Component Designator: OldDesignator=J4 NewDesignator=J1
Change Component Designator: OldDesignator=J5 NewDesignator=J3
Change Component Designator: OldDesignator=J6 NewDesignator=J2
Change Component Designator: OldDesignator=J7 NewDesignator=J10
Change Component Designator: OldDesignator=J8 NewDesignator=J7
Change Component Designator: OldDesignator=J9 NewDesignator=J8
Change Component Designator: OldDesignator=J10 NewDesignator=J9
Added Component: Designator=J11(SAMTEC_TSW-108-07-G-S)
Add component (AddParameter): Name = "Check_prices"; Value = "https://www.snapeda.com/parts/TSW-108-07-G-S/Samtec+Inc./view-part/?ref=eda"; VariantName = "[No Variations]"
Add component (AddParameter): Name = "MF"; Value = "Samtec Inc."; VariantName = "[No Variations]"
Add component (AddParameter): Name = "MP"; Value = "TSW-108-07-G-S"; VariantName = "[No Variations]"
Add component (AddParameter): Name = "Package"; Value = "None"; VariantName = "[No Variations]"
Add component (AddParameter): Name = "SnapEDA_Link"; Value = "https://www.snapeda.com/parts/TSW-108-07-G-S/Samtec+Inc./view-part/?ref=snap"; VariantName = "[No Variations]"
Add component (AddParameter): Name = "Value"; Value = ""; VariantName = "[No Variations]"
Added Component: Designator=U1(MM5130)
Add component (AddParameter): Name = "Manufacturer"; Value = "Menlo Micro"; VariantName = "[No Variations]"
Add component (AddParameter): Name = "Manufacturer_Part_Number"; Value = "MM5130"; VariantName = "[No Variations]"
Added Component: Designator=U2(MM5130)
Add component (AddParameter): Name = "Manufacturer"; Value = "Menlo Micro"; VariantName = "[No Variations]"
Add component (AddParameter): Name = "Manufacturer_Part_Number"; Value = "MM5130"; VariantName = "[No Variations]"
Added Component: Designator=U3(MM5130)
Add component (AddParameter): Name = "Manufacturer"; Value = "Menlo Micro"; VariantName = "[No Variations]"
Add component (AddParameter): Name = "Manufacturer_Part_Number"; Value = "MM5130"; VariantName = "[No Variations]"
Added Component: Designator=U4(MM5130)
Add component (AddParameter): Name = "Manufacturer"; Value = "Menlo Micro"; VariantName = "[No Variations]"
Add component (AddParameter): Name = "Manufacturer_Part_Number"; Value = "MM5130"; VariantName = "[No Variations]"
Added Pin To Net: NetName=GND Pin=U1-1
Added Pin To Net: NetName=GND Pin=U1-3
Added Pin To Net: NetName=GND Pin=U1-5
Added Pin To Net: NetName=GND Pin=U1-6
Added Pin To Net: NetName=GND Pin=U1-8
Added Pin To Net: NetName=GND Pin=U1-10
Added Pin To Net: NetName=GND Pin=U1-12
Added Pin To Net: NetName=GND Pin=U1-13
Added Pin To Net: NetName=GND Pin=U1-15
Added Pin To Net: NetName=GND Pin=U1-17
Added Pin To Net: NetName=GND Pin=U1-18
Added Pin To Net: NetName=GND Pin=U1-19
Added Pin To Net: NetName=GND Pin=U1-20
Added Pin To Net: NetName=GND Pin=U1-22
Added Pin To Net: NetName=GND Pin=U1-23
Added Pin To Net: NetName=GND Pin=U1-24
Added Pin To Net: NetName=GND Pin=U1-25
Added Pin To Net: NetName=GND Pin=U1-26
Added Pin To Net: NetName=GND Pin=U1-27
Added Pin To Net: NetName=GND Pin=U1-28
Added Pin To Net: NetName=GND Pin=U2-1
Added Pin To Net: NetName=GND Pin=U2-3
Added Pin To Net: NetName=GND Pin=U2-5
Added Pin To Net: NetName=GND Pin=U2-6
Added Pin To Net: NetName=GND Pin=U2-8
Added Pin To Net: NetName=GND Pin=U2-10
Added Pin To Net: NetName=GND Pin=U2-12
Added Pin To Net: NetName=GND Pin=U2-13
Added Pin To Net: NetName=GND Pin=U2-15
Added Pin To Net: NetName=GND Pin=U2-17
Added Pin To Net: NetName=GND Pin=U2-18
Added Pin To Net: NetName=GND Pin=U2-19
Added Pin To Net: NetName=GND Pin=U2-20
Added Pin To Net: NetName=GND Pin=U2-22
Added Pin To Net: NetName=GND Pin=U2-23
Added Pin To Net: NetName=GND Pin=U2-24
Added Pin To Net: NetName=GND Pin=U2-25
Added Pin To Net: NetName=GND Pin=U2-26
Added Pin To Net: NetName=GND Pin=U2-27
Added Pin To Net: NetName=GND Pin=U2-28
Added Pin To Net: NetName=GND Pin=U3-1
Added Pin To Net: NetName=GND Pin=U3-3
Added Pin To Net: NetName=GND Pin=U3-5
Added Pin To Net: NetName=GND Pin=U3-6
Added Pin To Net: NetName=GND Pin=U3-8
Added Pin To Net: NetName=GND Pin=U3-10
Added Pin To Net: NetName=GND Pin=U3-12
Added Pin To Net: NetName=GND Pin=U3-13
Added Pin To Net: NetName=GND Pin=U3-15
Added Pin To Net: NetName=GND Pin=U3-17
Added Pin To Net: NetName=GND Pin=U3-18
Added Pin To Net: NetName=GND Pin=U3-19
Added Pin To Net: NetName=GND Pin=U3-20
Added Pin To Net: NetName=GND Pin=U3-22
Added Pin To Net: NetName=GND Pin=U3-23
Added Pin To Net: NetName=GND Pin=U3-24
Added Pin To Net: NetName=GND Pin=U3-25
Added Pin To Net: NetName=GND Pin=U3-26
Added Pin To Net: NetName=GND Pin=U3-27
Added Pin To Net: NetName=GND Pin=U3-28
Added Pin To Net: NetName=GND Pin=U4-17
Added Pin To Net: NetName=GND Pin=U4-18
Added Pin To Net: NetName=GND Pin=U4-19
Added Pin To Net: NetName=GND Pin=U4-20
Added Pin To Net: NetName=GND Pin=U4-22
Added Pin To Net: NetName=GND Pin=U4-23
Added Pin To Net: NetName=GND Pin=U4-24
Added Pin To Net: NetName=GND Pin=U4-25
Added Pin To Net: NetName=GND Pin=U4-26
Added Pin To Net: NetName=GND Pin=U4-27
Added Pin To Net: NetName=GND Pin=U4-28
Added Pin To Net: NetName=NetJ1_S1 Pin=J1-S1
Added Pin To Net: NetName=NetJ1_S1 Pin=U1-14
Added Net: Name=NetJ1_S1
Added Pin To Net: NetName=NetJ2_S1 Pin=J2-S1
Added Pin To Net: NetName=NetJ2_S1 Pin=U1-4
Added Net: Name=NetJ2_S1
Added Pin To Net: NetName=NetJ3_S1 Pin=J3-S1
Added Pin To Net: NetName=NetJ3_S1 Pin=U1-7
Added Net: Name=NetJ3_S1
Added Pin To Net: NetName=NetJ4_S1 Pin=J4-S1
Added Pin To Net: NetName=NetJ4_S1 Pin=U2-14
Added Net: Name=NetJ4_S1
Added Pin To Net: NetName=NetJ5_S1 Pin=J5-S1
Added Pin To Net: NetName=NetJ5_S1 Pin=U2-4
Added Net: Name=NetJ5_S1
Added Pin To Net: NetName=NetJ6_S1 Pin=J6-S1
Added Pin To Net: NetName=NetJ6_S1 Pin=U2-7
Added Net: Name=NetJ6_S1
Added Pin To Net: NetName=NetJ7_S1 Pin=J7-S1
Added Pin To Net: NetName=NetJ7_S1 Pin=U3-14
Added Net: Name=NetJ7_S1
Added Pin To Net: NetName=NetJ8_S1 Pin=J8-S1
Added Pin To Net: NetName=NetJ8_S1 Pin=U3-4
Added Net: Name=NetJ8_S1
Added Pin To Net: NetName=NetJ9_S1 Pin=J9-S1
Added Pin To Net: NetName=NetJ9_S1 Pin=U3-7
Added Net: Name=NetJ9_S1
Added Pin To Net: NetName=NetJ10_S1 Pin=J10-S1
Added Pin To Net: NetName=NetJ10_S1 Pin=U4-11
Added Net: Name=NetJ10_S1
Added Pin To Net: NetName=NetU1_11 Pin=U1-11
Added Pin To Net: NetName=NetU1_11 Pin=U4-14
Added Net: Name=NetU1_11
Added Pin To Net: NetName=NetU2_11 Pin=U2-11
Added Pin To Net: NetName=NetU2_11 Pin=U4-4
Added Net: Name=NetU2_11
Added Pin To Net: NetName=NetU3_11 Pin=U3-11
Added Pin To Net: NetName=NetU3_11 Pin=U4-7
Added Net: Name=NetU3_11
Added Member To Class: ClassName=rectangle11board Member=Component J11 TSW-108-07-G-S
Added Member To Class: ClassName=rectangle11board Member=Component U1 MM5130*
Added Member To Class: ClassName=rectangle11board Member=Component U2 MM5130*
Added Member To Class: ClassName=rectangle11board Member=Component U3 MM5130*
Added Member To Class: ClassName=rectangle11board Member=Component U4 MM5130*
