Added Component: Designator=J5(rosenberger-19S201-40ML5)
Add component (AddParameter): Name = "Availability"; Value = "In Stock"; VariantName = "[No Variations]"
Add component (AddParameter): Name = "Check_prices"; Value = "https://www.snapeda.com/parts/853050232/Molex/view-part/?ref=eda"; VariantName = "[No Variations]"
Add component (AddParameter): Name = "MF"; Value = "Molex"; VariantName = "[No Variations]"
Add component (AddParameter): Name = "MP"; Value = "853050232"; VariantName = "[No Variations]"
Add component (AddParameter): Name = "Package"; Value = "None"; VariantName = "[No Variations]"
Add component (AddParameter): Name = "Price"; Value = "None"; VariantName = "[No Variations]"
Add component (AddParameter): Name = "Purchase-URL"; Value = "https://pricing.snapeda.com/search/part/853050232/?ref=eda"; VariantName = "[No Variations]"
Add component (AddParameter): Name = "SnapEDA_Link"; Value = "https://www.snapeda.com/parts/853050232/Molex/view-part/?ref=snap"; VariantName = "[No Variations]"
Add component (AddParameter): Name = "Supplier 1"; Value = "Mouser"; VariantName = "[No Variations]"
Add component (AddParameter): Name = "Supplier Part Number 1"; Value = "476-19S201-40ML5"; VariantName = "[No Variations]"
Add component (AddParameter): Name = "Value"; Value = ""; VariantName = "[No Variations]"
Added Pin To Net: NetName=NetJ5_1 Pin=J5-1
Added Pin To Net: NetName=GND Pin=J5-gnd
Added Pin To Net: NetName=GND Pin=J5-gnd
Added Pin To Net: NetName=GND Pin=J5-gnd
Added Pin To Net: NetName=GND Pin=J5-gnd
Added Pin To Net: NetName=GND Pin=J5-gnd
Added Pin To Net: NetName=GND Pin=J5-gnd
Added Pin To Net: NetName=GND Pin=J5-gnd
Added Member To Class: ClassName=rectangle11board Member=Component J5 SMP-right-angle-19S201-40ML5
