Added Component: Designator=B?(MM513003NDBTR)
Add component (AddParameter): Name = "Arrow Part Number"; Value = ""; VariantName = "[No Variations]"
Add component (AddParameter): Name = "Arrow Price/Stock"; Value = ""; VariantName = "[No Variations]"
Add component (AddParameter): Name = "Datasheet Link"; Value = "https://menlomicro.com/images/general/MM5130_Datasheet.pdf"; VariantName = "[No Variations]"
Add component (AddParameter): Name = "Geometry.Height"; Value = "0.939mm"; VariantName = "[No Variations]"
Add component (AddParameter): Name = "Manufacturer_Name"; Value = "Menlo Microsystems, Inc."; VariantName = "[No Variations]"
Add component (AddParameter): Name = "Manufacturer_Part_Number"; Value = "MM5130-03NDB-TR"; VariantName = "[No Variations]"
Add component (AddParameter): Name = "Mouser Part Number"; Value = "899-MM5130-03C"; VariantName = "[No Variations]"
Add component (AddParameter): Name = "Mouser Price/Stock"; Value = "https://www.mouser.co.uk/ProductDetail/Menlo-Micro/MM5130-03NDB-TR?qs=T%252BzbugeAwjibhPiaJVpzHA%3D%3D"; VariantName = "[No Variations]"
Added Component: Designator=B?(MM513003NDBTR)
Add component (AddParameter): Name = "Arrow Part Number"; Value = ""; VariantName = "[No Variations]"
Add component (AddParameter): Name = "Arrow Price/Stock"; Value = ""; VariantName = "[No Variations]"
Add component (AddParameter): Name = "Datasheet Link"; Value = "https://menlomicro.com/images/general/MM5130_Datasheet.pdf"; VariantName = "[No Variations]"
Add component (AddParameter): Name = "Geometry.Height"; Value = "0.939mm"; VariantName = "[No Variations]"
Add component (AddParameter): Name = "Manufacturer_Name"; Value = "Menlo Microsystems, Inc."; VariantName = "[No Variations]"
Add component (AddParameter): Name = "Manufacturer_Part_Number"; Value = "MM5130-03NDB-TR"; VariantName = "[No Variations]"
Add component (AddParameter): Name = "Mouser Part Number"; Value = "899-MM5130-03C"; VariantName = "[No Variations]"
Add component (AddParameter): Name = "Mouser Price/Stock"; Value = "https://www.mouser.co.uk/ProductDetail/Menlo-Micro/MM5130-03NDB-TR?qs=T%252BzbugeAwjibhPiaJVpzHA%3D%3D"; VariantName = "[No Variations]"
Added Component: Designator=B?(MM513003NDBTR)
Add component (AddParameter): Name = "Arrow Part Number"; Value = ""; VariantName = "[No Variations]"
Add component (AddParameter): Name = "Arrow Price/Stock"; Value = ""; VariantName = "[No Variations]"
Add component (AddParameter): Name = "Datasheet Link"; Value = "https://menlomicro.com/images/general/MM5130_Datasheet.pdf"; VariantName = "[No Variations]"
Add component (AddParameter): Name = "Geometry.Height"; Value = "0.939mm"; VariantName = "[No Variations]"
Add component (AddParameter): Name = "Manufacturer_Name"; Value = "Menlo Microsystems, Inc."; VariantName = "[No Variations]"
Add component (AddParameter): Name = "Manufacturer_Part_Number"; Value = "MM5130-03NDB-TR"; VariantName = "[No Variations]"
Add component (AddParameter): Name = "Mouser Part Number"; Value = "899-MM5130-03C"; VariantName = "[No Variations]"
Add component (AddParameter): Name = "Mouser Price/Stock"; Value = "https://www.mouser.co.uk/ProductDetail/Menlo-Micro/MM5130-03NDB-TR?qs=T%252BzbugeAwjibhPiaJVpzHA%3D%3D"; VariantName = "[No Variations]"
Added Component: Designator=B?(MM513003NDBTR)
Add component (AddParameter): Name = "Arrow Part Number"; Value = ""; VariantName = "[No Variations]"
Add component (AddParameter): Name = "Arrow Price/Stock"; Value = ""; VariantName = "[No Variations]"
Add component (AddParameter): Name = "Datasheet Link"; Value = "https://menlomicro.com/images/general/MM5130_Datasheet.pdf"; VariantName = "[No Variations]"
Add component (AddParameter): Name = "Geometry.Height"; Value = "0.939mm"; VariantName = "[No Variations]"
Add component (AddParameter): Name = "Manufacturer_Name"; Value = "Menlo Microsystems, Inc."; VariantName = "[No Variations]"
Add component (AddParameter): Name = "Manufacturer_Part_Number"; Value = "MM5130-03NDB-TR"; VariantName = "[No Variations]"
Add component (AddParameter): Name = "Mouser Part Number"; Value = "899-MM5130-03C"; VariantName = "[No Variations]"
Add component (AddParameter): Name = "Mouser Price/Stock"; Value = "https://www.mouser.co.uk/ProductDetail/Menlo-Micro/MM5130-03NDB-TR?qs=T%252BzbugeAwjibhPiaJVpzHA%3D%3D"; VariantName = "[No Variations]"
Added Component: Designator=J?(SMP-PF-P-XX-ST-TH2)
Add component (AddParameter): Name = "CREATED"; Value = "October 23, 2015 - Wendy Xin"; VariantName = "[No Variations]"
Add component (AddParameter): Name = "MANUFACTURER"; Value = "SAMTEC"; VariantName = "[No Variations]"
Add component (AddParameter): Name = "PCB DECAL"; Value = "SMP-PX-P-XX-ST-TH2"; VariantName = "[No Variations]"
Added Component: Designator=J?(SMP-PF-P-XX-ST-TH2)
Add component (AddParameter): Name = "CREATED"; Value = "October 23, 2015 - Wendy Xin"; VariantName = "[No Variations]"
Add component (AddParameter): Name = "MANUFACTURER"; Value = "SAMTEC"; VariantName = "[No Variations]"
Add component (AddParameter): Name = "PCB DECAL"; Value = "SMP-PX-P-XX-ST-TH2"; VariantName = "[No Variations]"
Added Component: Designator=J?(SMP-PF-P-XX-ST-TH2)
Add component (AddParameter): Name = "CREATED"; Value = "October 23, 2015 - Wendy Xin"; VariantName = "[No Variations]"
Add component (AddParameter): Name = "MANUFACTURER"; Value = "SAMTEC"; VariantName = "[No Variations]"
Add component (AddParameter): Name = "PCB DECAL"; Value = "SMP-PX-P-XX-ST-TH2"; VariantName = "[No Variations]"
Added Component: Designator=J?(SMP-PF-P-XX-ST-TH2)
Add component (AddParameter): Name = "CREATED"; Value = "October 23, 2015 - Wendy Xin"; VariantName = "[No Variations]"
Add component (AddParameter): Name = "MANUFACTURER"; Value = "SAMTEC"; VariantName = "[No Variations]"
Add component (AddParameter): Name = "PCB DECAL"; Value = "SMP-PX-P-XX-ST-TH2"; VariantName = "[No Variations]"
Added Component: Designator=J?(amphenol-smp-90deg-925-139J-51P)
Add component (AddParameter): Name = "CREATED"; Value = "October 23, 2015 - Wendy Xin"; VariantName = "[No Variations]"
Add component (AddParameter): Name = "MANUFACTURER"; Value = "SAMTEC"; VariantName = "[No Variations]"
Add component (AddParameter): Name = "PCB DECAL"; Value = "SMP-PX-P-XX-ST-TH2"; VariantName = "[No Variations]"
Added Component: Designator=J?(SMP-PF-P-XX-ST-TH2)
Add component (AddParameter): Name = "CREATED"; Value = "October 23, 2015 - Wendy Xin"; VariantName = "[No Variations]"
Add component (AddParameter): Name = "MANUFACTURER"; Value = "SAMTEC"; VariantName = "[No Variations]"
Add component (AddParameter): Name = "PCB DECAL"; Value = "SMP-PX-P-XX-ST-TH2"; VariantName = "[No Variations]"
Added Component: Designator=J?(SMP-PF-P-XX-ST-TH2)
Add component (AddParameter): Name = "CREATED"; Value = "October 23, 2015 - Wendy Xin"; VariantName = "[No Variations]"
Add component (AddParameter): Name = "MANUFACTURER"; Value = "SAMTEC"; VariantName = "[No Variations]"
Add component (AddParameter): Name = "PCB DECAL"; Value = "SMP-PX-P-XX-ST-TH2"; VariantName = "[No Variations]"
Added Component: Designator=J?(SMP-PF-P-XX-ST-TH2)
Add component (AddParameter): Name = "CREATED"; Value = "October 23, 2015 - Wendy Xin"; VariantName = "[No Variations]"
Add component (AddParameter): Name = "MANUFACTURER"; Value = "SAMTEC"; VariantName = "[No Variations]"
Add component (AddParameter): Name = "PCB DECAL"; Value = "SMP-PX-P-XX-ST-TH2"; VariantName = "[No Variations]"
Added Component: Designator=J?(SMP-PF-P-XX-ST-TH2)
Add component (AddParameter): Name = "CREATED"; Value = "October 23, 2015 - Wendy Xin"; VariantName = "[No Variations]"
Add component (AddParameter): Name = "MANUFACTURER"; Value = "SAMTEC"; VariantName = "[No Variations]"
Add component (AddParameter): Name = "PCB DECAL"; Value = "SMP-PX-P-XX-ST-TH2"; VariantName = "[No Variations]"
Added Component: Designator=J?(SMP-PF-P-XX-ST-TH2)
Add component (AddParameter): Name = "CREATED"; Value = "October 23, 2015 - Wendy Xin"; VariantName = "[No Variations]"
Add component (AddParameter): Name = "MANUFACTURER"; Value = "SAMTEC"; VariantName = "[No Variations]"
Add component (AddParameter): Name = "PCB DECAL"; Value = "SMP-PX-P-XX-ST-TH2"; VariantName = "[No Variations]"
Added Component: Designator=J?(SMP-PF-P-XX-ST-TH2)
Add component (AddParameter): Name = "CREATED"; Value = "October 23, 2015 - Wendy Xin"; VariantName = "[No Variations]"
Add component (AddParameter): Name = "MANUFACTURER"; Value = "SAMTEC"; VariantName = "[No Variations]"
Add component (AddParameter): Name = "PCB DECAL"; Value = "SMP-PX-P-XX-ST-TH2"; VariantName = "[No Variations]"
Added Pin To Net: NetName=NetB?_1 Pin=B?-1
Added Pin To Net: NetName=NetB?_1 Pin=J?-S1
Added Net: Name=NetB?_1
Added Pin To Net: NetName=NetB?_4 Pin=B?-4
Added Pin To Net: NetName=NetB?_4 Pin=J?-S1
Added Net: Name=NetB?_4
Add Net: Net with name "NetB?_4" already exists
Add Net: Net with name "NetB?_4" already exists
Add Net: Net with name "NetB?_4" already exists
Added Pin To Net: NetName=NetB?_7 Pin=B?-7
Added Pin To Net: NetName=NetB?_7 Pin=B?-14
Added Net: Name=NetB?_7
Add Net: Net with name "NetB?_7" already exists
Add Net: Net with name "NetB?_7" already exists
Add Net: Net with name "NetB?_7" already exists
Added Pin To Net: NetName=NetB?_11 Pin=B?-11
Added Pin To Net: NetName=NetB?_11 Pin=J?-S1
Added Net: Name=NetB?_11
Add Net: Net with name "NetB?_11" already exists
Add Net: Net with name "NetB?_11" already exists
Add Net: Net with name "NetB?_11" already exists
Added Pin To Net: NetName=NetB?_14 Pin=B?-14
Added Pin To Net: NetName=NetB?_14 Pin=J?-S1
Added Net: Name=NetB?_14
Added Pin To Net: NetName=NetJ?_G1 Pin=J?-G1
Added Pin To Net: NetName=NetJ?_G1 Pin=J?-G4
Added Net: Name=NetJ?_G1
Added Class: Name=rectangle11board
