Removed Pin From Net: NetName=NetJ11_04 Pin=U1-2
Removed Pin From Net: NetName=NetJ11_01 Pin=U1-9
Removed Pin From Net: NetName=NetJ11_08 Pin=U1-16
Removed Pin From Net: NetName=NetJ11_06 Pin=U1-21
Removed Pin From Net: NetName=NetJ11_04 Pin=U2-2
Removed Pin From Net: NetName=NetJ11_01 Pin=U2-9
Removed Pin From Net: NetName=NetJ11_08 Pin=U2-16
Removed Pin From Net: NetName=NetJ11_06 Pin=U2-21
Change Component Footprint: Designator=J12 Old Footprint=SAMTEC_TFM-110-02-L-D-K-TR New Footprint=SAMTEC_TFM-104-02-L-D-K-TR
Change Component Comment : Designator=J12 Old Comment=TFM-110-02-L-D-K-TR New Comment=TFM-104-02-L-D-K-TR
Change component parameters: Designator = "J12" ("J12"); Footprint = "SAMTEC_TFM-110-02-L-D-K-TR"; UniqueID = "\SPVKXWAD" ("\SPVKXWAD")
Change component parameters (AddParameter): Name = "Availability"; Value = "Unavailable"; VariantName = "[No Variations]"
Change component parameters (AddParameter): Name = "MF"; Value = "Samtec"; VariantName = "[No Variations]"
Change component parameters (AddParameter): Name = "MP"; Value = "TFM-104-02-L-D-K-TR"; VariantName = "[No Variations]"
Change component parameters (AddParameter): Name = "Package"; Value = "None"; VariantName = "[No Variations]"
Change component parameters (AddParameter): Name = "Price"; Value = "None"; VariantName = "[No Variations]"
Change component parameters (AddParameter): Name = "Value"; Value = ""; VariantName = "[No Variations]"
Added Pin To Net: NetName=NetJ12_01 Pin=J12-01
Added Pin To Net: NetName=NetJ12_01 Pin=U1-9
Added Net: Name=NetJ12_01
Added Pin To Net: NetName=NetJ12_02 Pin=J12-02
Added Pin To Net: NetName=NetJ12_02 Pin=U2-2
Added Net: Name=NetJ12_02
Added Pin To Net: NetName=NetJ12_03 Pin=J12-03
Added Pin To Net: NetName=NetJ12_03 Pin=U1-21
Added Net: Name=NetJ12_03
Added Pin To Net: NetName=NetJ12_04 Pin=J12-04
Added Pin To Net: NetName=NetJ12_04 Pin=U2-16
Added Net: Name=NetJ12_04
Added Pin To Net: NetName=NetJ12_05 Pin=J12-05
Added Pin To Net: NetName=NetJ12_05 Pin=U1-16
Added Net: Name=NetJ12_05
Added Pin To Net: NetName=NetJ12_06 Pin=J12-06
Added Pin To Net: NetName=NetJ12_06 Pin=U2-21
Added Net: Name=NetJ12_06
Added Pin To Net: NetName=NetJ12_07 Pin=J12-07
Added Pin To Net: NetName=NetJ12_07 Pin=U1-2
Added Net: Name=NetJ12_07
Added Pin To Net: NetName=NetJ12_08 Pin=J12-08
Added Pin To Net: NetName=NetJ12_08 Pin=U2-9
Added Net: Name=NetJ12_08
